[2026-05-22 16:13:38] Exception: Controller file not found: D:\Dokumen\VSCode\simrs\app\core/../modules/medicalrecord/MedicalRecordController.php in D:\Dokumen\VSCode\simrs\app\core\Router.php on line 232
Stack trace:
#0 D:\Dokumen\VSCode\simrs\app\core\Router.php(180): Router->executeHandler('MedicalRecord@i...', Array)
#1 D:\Dokumen\VSCode\simrs\public\index.php(144): Router->dispatch('GET', '/medical-record')
#2 {main}
[2026-05-22 16:14:01] Exception: Controller file not found: D:\Dokumen\VSCode\simrs\app\core/../modules/medicalrecord/MedicalRecordController.php in D:\Dokumen\VSCode\simrs\app\core\Router.php on line 232
Stack trace:
#0 D:\Dokumen\VSCode\simrs\app\core\Router.php(180): Router->executeHandler('MedicalRecord@i...', Array)
#1 D:\Dokumen\VSCode\simrs\public\index.php(144): Router->dispatch('GET', '/medical-record')
#2 {main}
[2026-05-22 16:14:04] Exception: Controller file not found: D:\Dokumen\VSCode\simrs\app\core/../modules/medicalrecord/MedicalRecordController.php in D:\Dokumen\VSCode\simrs\app\core\Router.php on line 232
Stack trace:
#0 D:\Dokumen\VSCode\simrs\app\core\Router.php(180): Router->executeHandler('MedicalRecord@i...', Array)
#1 D:\Dokumen\VSCode\simrs\public\index.php(144): Router->dispatch('GET', '/medical-record')
#2 {main}
[2026-05-22 16:24:30] Exception: Controller file not found: D:\Dokumen\VSCode\simrs\app\core/../modules/medicalrecord/MedicalRecordController.php in D:\Dokumen\VSCode\simrs\app\core\Router.php on line 232
Stack trace:
#0 D:\Dokumen\VSCode\simrs\app\core\Router.php(180): Router->executeHandler('MedicalRecord@i...', Array)
#1 D:\Dokumen\VSCode\simrs\public\index.php(144): Router->dispatch('GET', '/medical-record')
#2 {main}
[2026-05-22 16:24:34] Exception: Controller file not found: D:\Dokumen\VSCode\simrs\app\core/../modules/medicalrecord/MedicalRecordController.php in D:\Dokumen\VSCode\simrs\app\core\Router.php on line 232
Stack trace:
#0 D:\Dokumen\VSCode\simrs\app\core\Router.php(180): Router->executeHandler('MedicalRecord@i...', Array)
#1 D:\Dokumen\VSCode\simrs\public\index.php(144): Router->dispatch('GET', '/medical-record')
#2 {main}
[2026-05-22 16:26:16] Exception: Controller file not found: D:\Dokumen\VSCode\simrs\app\core/../modules/medicalrecord/MedicalRecordController.php in D:\Dokumen\VSCode\simrs\app\core\Router.php on line 232
Stack trace:
#0 D:\Dokumen\VSCode\simrs\app\core\Router.php(180): Router->executeHandler('MedicalRecord@i...', Array)
#1 D:\Dokumen\VSCode\simrs\public\index.php(144): Router->dispatch('GET', '/medical-record')
#2 {main}
[2026-05-22 16:26:49] Exception: Controller file not found: D:\Dokumen\VSCode\simrs\app\core/../modules/medicalrecord/MedicalRecordController.php in D:\Dokumen\VSCode\simrs\app\core\Router.php on line 232
Stack trace:
#0 D:\Dokumen\VSCode\simrs\app\core\Router.php(180): Router->executeHandler('MedicalRecord@i...', Array)
#1 D:\Dokumen\VSCode\simrs\public\index.php(144): Router->dispatch('GET', '/medical-record')
#2 {main}
[2026-05-22 16:31:06] Error 2: Undefined array key "floor" in D:\Dokumen\VSCode\simrs\app\modules\appointment\views\schedule.php on line 124
[2026-05-22 16:31:06] Error 8192: htmlspecialchars(): Passing null to parameter #1 ($string) of type string is deprecated in D:\Dokumen\VSCode\simrs\app\helpers\functions.php on line 17
[2026-05-22 16:31:06] Error 2: Undefined array key "floor" in D:\Dokumen\VSCode\simrs\app\modules\appointment\views\schedule.php on line 124
[2026-05-22 16:31:06] Error 8192: htmlspecialchars(): Passing null to parameter #1 ($string) of type string is deprecated in D:\Dokumen\VSCode\simrs\app\helpers\functions.php on line 17
[2026-05-22 16:31:06] Error 2: Undefined array key "floor" in D:\Dokumen\VSCode\simrs\app\modules\appointment\views\schedule.php on line 124
[2026-05-22 16:31:06] Error 8192: htmlspecialchars(): Passing null to parameter #1 ($string) of type string is deprecated in D:\Dokumen\VSCode\simrs\app\helpers\functions.php on line 17
[2026-05-22 16:31:06] Error 2: Undefined array key "floor" in D:\Dokumen\VSCode\simrs\app\modules\appointment\views\schedule.php on line 124
[2026-05-22 16:31:06] Error 8192: htmlspecialchars(): Passing null to parameter #1 ($string) of type string is deprecated in D:\Dokumen\VSCode\simrs\app\helpers\functions.php on line 17
[2026-05-22 16:31:06] Error 2: Undefined array key "floor" in D:\Dokumen\VSCode\simrs\app\modules\appointment\views\schedule.php on line 124
[2026-05-22 16:31:06] Error 8192: htmlspecialchars(): Passing null to parameter #1 ($string) of type string is deprecated in D:\Dokumen\VSCode\simrs\app\helpers\functions.php on line 17
[2026-05-22 16:31:06] Error 2: Undefined array key "floor" in D:\Dokumen\VSCode\simrs\app\modules\appointment\views\schedule.php on line 124
[2026-05-22 16:31:06] Error 8192: htmlspecialchars(): Passing null to parameter #1 ($string) of type string is deprecated in D:\Dokumen\VSCode\simrs\app\helpers\functions.php on line 17
[2026-05-22 16:31:06] Error 2: Undefined array key "floor" in D:\Dokumen\VSCode\simrs\app\modules\appointment\views\schedule.php on line 124
[2026-05-22 16:31:06] Error 8192: htmlspecialchars(): Passing null to parameter #1 ($string) of type string is deprecated in D:\Dokumen\VSCode\simrs\app\helpers\functions.php on line 17
[2026-05-22 16:31:06] Error 2: Undefined array key "floor" in D:\Dokumen\VSCode\simrs\app\modules\appointment\views\schedule.php on line 124
[2026-05-22 16:31:06] Error 8192: htmlspecialchars(): Passing null to parameter #1 ($string) of type string is deprecated in D:\Dokumen\VSCode\simrs\app\helpers\functions.php on line 17
[2026-05-22 16:31:06] Error 2: Undefined array key "floor" in D:\Dokumen\VSCode\simrs\app\modules\appointment\views\schedule.php on line 124
[2026-05-22 16:31:06] Error 8192: htmlspecialchars(): Passing null to parameter #1 ($string) of type string is deprecated in D:\Dokumen\VSCode\simrs\app\helpers\functions.php on line 17
[2026-05-22 16:31:06] Error 2: Undefined array key "floor" in D:\Dokumen\VSCode\simrs\app\modules\appointment\views\schedule.php on line 124
[2026-05-22 16:31:06] Error 8192: htmlspecialchars(): Passing null to parameter #1 ($string) of type string is deprecated in D:\Dokumen\VSCode\simrs\app\helpers\functions.php on line 17
[2026-05-22 16:31:06] Error 2: Undefined array key "floor" in D:\Dokumen\VSCode\simrs\app\modules\appointment\views\schedule.php on line 124
[2026-05-22 16:31:06] Error 8192: htmlspecialchars(): Passing null to parameter #1 ($string) of type string is deprecated in D:\Dokumen\VSCode\simrs\app\helpers\functions.php on line 17
[2026-05-22 16:31:06] Error 2: Undefined array key "floor" in D:\Dokumen\VSCode\simrs\app\modules\appointment\views\schedule.php on line 124
[2026-05-22 16:31:06] Error 8192: htmlspecialchars(): Passing null to parameter #1 ($string) of type string is deprecated in D:\Dokumen\VSCode\simrs\app\helpers\functions.php on line 17
[2026-05-22 16:31:06] Error 2: Undefined array key "floor" in D:\Dokumen\VSCode\simrs\app\modules\appointment\views\schedule.php on line 124
[2026-05-22 16:31:06] Error 8192: htmlspecialchars(): Passing null to parameter #1 ($string) of type string is deprecated in D:\Dokumen\VSCode\simrs\app\helpers\functions.php on line 17
[2026-05-22 16:31:06] Error 2: Undefined array key "floor" in D:\Dokumen\VSCode\simrs\app\modules\appointment\views\schedule.php on line 124
[2026-05-22 16:31:06] Error 8192: htmlspecialchars(): Passing null to parameter #1 ($string) of type string is deprecated in D:\Dokumen\VSCode\simrs\app\helpers\functions.php on line 17
[2026-05-22 16:31:06] Error 2: Undefined array key "floor" in D:\Dokumen\VSCode\simrs\app\modules\appointment\views\schedule.php on line 124
[2026-05-22 16:31:06] Error 8192: htmlspecialchars(): Passing null to parameter #1 ($string) of type string is deprecated in D:\Dokumen\VSCode\simrs\app\helpers\functions.php on line 17
[2026-05-22 16:31:06] Error 2: Undefined array key "floor" in D:\Dokumen\VSCode\simrs\app\modules\appointment\views\schedule.php on line 124
[2026-05-22 16:31:06] Error 8192: htmlspecialchars(): Passing null to parameter #1 ($string) of type string is deprecated in D:\Dokumen\VSCode\simrs\app\helpers\functions.php on line 17
[2026-05-22 16:31:06] Error 2: Undefined array key "floor" in D:\Dokumen\VSCode\simrs\app\modules\appointment\views\schedule.php on line 124
[2026-05-22 16:31:06] Error 8192: htmlspecialchars(): Passing null to parameter #1 ($string) of type string is deprecated in D:\Dokumen\VSCode\simrs\app\helpers\functions.php on line 17
[2026-05-22 16:31:06] Error 2: Undefined array key "floor" in D:\Dokumen\VSCode\simrs\app\modules\appointment\views\schedule.php on line 124
[2026-05-22 16:31:06] Error 8192: htmlspecialchars(): Passing null to parameter #1 ($string) of type string is deprecated in D:\Dokumen\VSCode\simrs\app\helpers\functions.php on line 17
[2026-05-22 16:31:06] Error 2: Undefined array key "floor" in D:\Dokumen\VSCode\simrs\app\modules\appointment\views\schedule.php on line 124
[2026-05-22 16:31:06] Error 8192: htmlspecialchars(): Passing null to parameter #1 ($string) of type string is deprecated in D:\Dokumen\VSCode\simrs\app\helpers\functions.php on line 17
[2026-05-22 16:31:06] Error 2: Undefined array key "floor" in D:\Dokumen\VSCode\simrs\app\modules\appointment\views\schedule.php on line 124
[2026-05-22 16:31:06] Error 8192: htmlspecialchars(): Passing null to parameter #1 ($string) of type string is deprecated in D:\Dokumen\VSCode\simrs\app\helpers\functions.php on line 17
[2026-05-22 16:31:06] Error 2: Undefined array key "floor" in D:\Dokumen\VSCode\simrs\app\modules\appointment\views\schedule.php on line 124
[2026-05-22 16:31:06] Error 8192: htmlspecialchars(): Passing null to parameter #1 ($string) of type string is deprecated in D:\Dokumen\VSCode\simrs\app\helpers\functions.php on line 17
[2026-05-22 16:31:06] Error 2: Undefined array key "floor" in D:\Dokumen\VSCode\simrs\app\modules\appointment\views\schedule.php on line 124
[2026-05-22 16:31:06] Error 8192: htmlspecialchars(): Passing null to parameter #1 ($string) of type string is deprecated in D:\Dokumen\VSCode\simrs\app\helpers\functions.php on line 17
[2026-05-22 16:31:06] Error 2: Undefined array key "floor" in D:\Dokumen\VSCode\simrs\app\modules\appointment\views\schedule.php on line 124
[2026-05-22 16:31:06] Error 8192: htmlspecialchars(): Passing null to parameter #1 ($string) of type string is deprecated in D:\Dokumen\VSCode\simrs\app\helpers\functions.php on line 17
[2026-05-22 16:31:06] Error 2: Undefined array key "floor" in D:\Dokumen\VSCode\simrs\app\modules\appointment\views\schedule.php on line 124
[2026-05-22 16:31:06] Error 8192: htmlspecialchars(): Passing null to parameter #1 ($string) of type string is deprecated in D:\Dokumen\VSCode\simrs\app\helpers\functions.php on line 17
[2026-05-22 16:31:06] Error 2: Undefined array key "floor" in D:\Dokumen\VSCode\simrs\app\modules\appointment\views\schedule.php on line 124
[2026-05-22 16:31:06] Error 8192: htmlspecialchars(): Passing null to parameter #1 ($string) of type string is deprecated in D:\Dokumen\VSCode\simrs\app\helpers\functions.php on line 17
[2026-05-22 16:31:06] Error 2: Undefined array key "floor" in D:\Dokumen\VSCode\simrs\app\modules\appointment\views\schedule.php on line 124
[2026-05-22 16:31:06] Error 8192: htmlspecialchars(): Passing null to parameter #1 ($string) of type string is deprecated in D:\Dokumen\VSCode\simrs\app\helpers\functions.php on line 17
[2026-05-22 16:31:06] Error 2: Undefined array key "floor" in D:\Dokumen\VSCode\simrs\app\modules\appointment\views\schedule.php on line 124
[2026-05-22 16:31:06] Error 8192: htmlspecialchars(): Passing null to parameter #1 ($string) of type string is deprecated in D:\Dokumen\VSCode\simrs\app\helpers\functions.php on line 17
[2026-05-22 16:31:06] Error 2: Undefined array key "floor" in D:\Dokumen\VSCode\simrs\app\modules\appointment\views\schedule.php on line 124
[2026-05-22 16:31:06] Error 8192: htmlspecialchars(): Passing null to parameter #1 ($string) of type string is deprecated in D:\Dokumen\VSCode\simrs\app\helpers\functions.php on line 17
